[2026-04-24 15:01:10,985][__main__][INFO] - Using device: cpu
[2026-04-24 15:01:10,987][__main__][INFO] - model:
  name: deformation_field
  encoder:
    type: pointnet_plus
    input_dim: 6
    output_dim: 256
    hidden_dims:
    - 64
    - 128
    - 256
  decoder:
    type: mlp
    latent_dim: 256
    hidden_dims:
    - 256
    - 256
    - 256
    - 256
    output_dim: 3
    use_positional_encoding: true
    positional_encoding_freqs: 6
  canonical_encoder:
    type: pointnet_plus
    input_dim: 6
    output_dim: 256
    hidden_dims:
    - 64
    - 128
    - 256
  fusion:
    type: concat_and_project
    output_dim: 256
data:
  name: synthetic
  generation:
    num_objects: 20
    deformations_per_object: 10
    deformation_magnitude_min: 0.0
    deformation_magnitude_max: 0.4
    noise_std: 0.005
  pointcloud:
    num_points_canonical: 512
    num_points_observed: 256
    use_normals: true
  split:
    train: 0.8
    val: 0.1
    test: 0.1
  virtual_content:
    num_surface_points: 32
    num_interior_points: 16
train:
  batch_size: 4
  num_epochs: 10
  num_workers: 0
  optimizer:
    type: adamw
    lr: 0.0001
    weight_decay: 0.0001
    betas:
    - 0.9
    - 0.999
  scheduler:
    type: cosine_annealing
    T_max: 10
    eta_min: 1.0e-06
  loss:
    chamfer_weight: 1.0
    smoothness_weight: 0.1
    magnitude_weight: 0.01
    attachment_weight: 1.0
  checkpointing:
    save_every_n_epochs: 5
    keep_last_k: 3
    save_dir: checkpoints/
project_name: canonical_ar
run_name: smoke
seed: 42
device: cuda
logging:
  use_wandb: false
  log_every_n_steps: 50
  vis_every_n_steps: 200

[2026-04-24 15:01:10,987][__main__][INFO] - Building dataloaders...
[2026-04-24 15:01:10,990][__main__][INFO] - Train batches: 40, Val batches: 5
[2026-04-24 15:01:11,017][__main__][INFO] - Model parameters: 2,483,971
[2026-04-24 15:01:38,263][__main__][INFO] - Epoch 1 | train_loss=0.2175 | val_loss=0.1536 | val_attach=0.0496
[2026-04-24 15:01:38,330][__main__][INFO] - Saved checkpoint: checkpoints/checkpoint_best.pt
[2026-04-24 15:02:04,027][__main__][INFO] - Epoch 2 | train_loss=0.1394 | val_loss=0.1560 | val_attach=0.0408
[2026-04-24 15:02:32,360][__main__][INFO] - Epoch 3 | train_loss=0.1226 | val_loss=0.1263 | val_attach=0.0416
[2026-04-24 15:02:32,403][__main__][INFO] - Saved checkpoint: checkpoints/checkpoint_best.pt
[2026-04-24 15:03:01,887][__main__][INFO] - Epoch 4 | train_loss=0.1444 | val_loss=0.1429 | val_attach=0.0272
[2026-04-24 15:03:28,523][__main__][INFO] - Epoch 5 | train_loss=0.1313 | val_loss=0.1411 | val_attach=0.0484
[2026-04-24 15:03:28,584][__main__][INFO] - Saved checkpoint: checkpoints/checkpoint_epoch5.pt
[2026-04-24 15:03:56,706][__main__][INFO] - Epoch 6 | train_loss=0.1189 | val_loss=0.1520 | val_attach=0.0566
[2026-04-24 15:04:21,735][__main__][INFO] - Epoch 7 | train_loss=0.1180 | val_loss=0.1353 | val_attach=0.0472
[2026-04-24 15:04:46,016][__main__][INFO] - Epoch 8 | train_loss=0.1158 | val_loss=0.1459 | val_attach=0.0629
[2026-04-24 15:05:11,762][__main__][INFO] - Epoch 9 | train_loss=0.1162 | val_loss=0.1309 | val_attach=0.0459
[2026-04-24 15:05:37,578][__main__][INFO] - Epoch 10 | train_loss=0.1123 | val_loss=0.1311 | val_attach=0.0456
[2026-04-24 15:05:37,637][__main__][INFO] - Saved checkpoint: checkpoints/checkpoint_epoch10.pt
[2026-04-24 15:05:37,638][__main__][INFO] - Training complete. Best val loss: 0.1263
